../Core/Src/main.c:96:5:main	112	static,ignoring_inline_asm
../Core/Src/main.c:212:6:SystemClock_Config	120	static
../Core/Src/main.c:259:13:MX_ADC1_Init	32	static
../Core/Src/main.c:343:13:MX_I2C1_Init	8	static
../Core/Src/main.c:391:13:MX_TIM1_Init	112	static
../Core/Src/main.c:483:13:MX_GPIO_Init	40	static
../Core/Src/main.c:528:6:timer1Callback	16	static
../Core/Src/main.c:535:6:HAL_GPIO_EXTI_Callback	16	static
../Core/Src/main.c:558:6:servo_motors	16	static,ignoring_inline_asm
../Core/Src/main.c:593:6:eeprom_save	40	static
../Core/Src/main.c:641:6:path	104	static,ignoring_inline_asm
../Core/Src/main.c:685:6:HAL_TIM_PeriodElapsedCallback	16	static
../Core/Src/main.c:702:6:Error_Handler	4	static,ignoring_inline_asm
