../Core/Src/main.c:93:5:main	112	static,ignoring_inline_asm
../Core/Src/main.c:206:6:SystemClock_Config	120	static
../Core/Src/main.c:253:13:MX_ADC1_Init	32	static
../Core/Src/main.c:337:13:MX_I2C1_Init	8	static
../Core/Src/main.c:385:13:MX_TIM1_Init	112	static
../Core/Src/main.c:477:13:MX_GPIO_Init	40	static
../Core/Src/main.c:522:6:timer1Callback	16	static
../Core/Src/main.c:529:6:HAL_GPIO_EXTI_Callback	16	static
../Core/Src/main.c:552:6:servo_motors	16	static,ignoring_inline_asm
../Core/Src/main.c:581:6:eeprom_save	32	static
../Core/Src/main.c:627:6:path	16	static
../Core/Src/main.c:646:6:HAL_TIM_PeriodElapsedCallback	16	static
../Core/Src/main.c:663:6:Error_Handler	4	static,ignoring_inline_asm
